
There are no discarded input sections

Memory Configuration

Name             Origin             Length             Attributes
mem              0x00000000         0x00000100
*default*        0x00000000         0xffffffff

Linker script and memory map


.text           0x00000000       0x88
 *(.boot)
 *(.text)
 .text          0x00000000        0xc ./start.o
                0x00000000                start
 .text          0x0000000c       0x7c ./main.o
                0x0000000c                gcd
                0x00000050                main
 *(.text)
 *(.rodata*)
LOAD ./start.o
LOAD ./main.o
LOAD /home/kiit/riscv/lib/gcc/riscv64-unknown-elf/13.2.0/rv32i/ilp32/libgcc.a
OUTPUT(firmware.elf elf32-littleriscv)

.data           0x00000088        0x0
 .data          0x00000088        0x0 ./start.o
 .data          0x00000088        0x0 ./main.o

.bss            0x00000088        0x0
 .bss           0x00000088        0x0 ./start.o
 .bss           0x00000088        0x0 ./main.o

.riscv.attributes
                0x00000000       0x1c
 .riscv.attributes
                0x00000000       0x1a ./start.o
 .riscv.attributes
                0x0000001a       0x1c ./main.o

.comment        0x00000000       0x1b
 .comment       0x00000000       0x1b ./main.o
                                 0x1c (size before relaxing)
